../Core/Inc/../../lvgl/src/hal/../draw/../misc/lv_color.h:608:26:lv_color_hex	24	static
../Core/Src/fr_ui_events.c:9:6:laduj_tekst	56	static
../Core/Src/fr_ui_events.c:58:9:isDateTimeLegitimate	16	static
../Core/Src/fr_ui_events.c:68:9:calculateWeekDay	16	static
../Core/Src/fr_ui_events.c:73:6:updateTextColor	24	static
../Core/Src/fr_ui_events.c:82:6:calculateMinMax	32	static
../Core/Src/fr_ui_events.c:107:6:calculateRangeParameters	32	static
../Core/Src/fr_ui_events.c:115:6:calculateRangeParametersForCO2	48	static
../Core/Src/fr_ui_events.c:133:6:calculateRangeParametersForDustOut	48	static
../Core/Src/fr_ui_events.c:148:6:setChartRange	40	static
../Core/Src/fr_ui_events.c:155:6:manageChartSeries	24	static
../Core/Src/fr_ui_events.c:168:6:determineParameters	40	static
../Core/Src/fr_ui_events.c:195:6:rysuj_wielkosc	80	static
../Core/Src/fr_ui_events.c:211:6:laduj_wifi	24	static
../Core/Src/fr_ui_events.c:233:6:skanuj_wifi	16	static
../Core/Src/fr_ui_events.c:242:6:wifi_type	16	static
../Core/Src/fr_ui_events.c:247:6:stop_wifi_change	16	static
