../Core/Inc/../../lvgl/src/hal/../draw/../misc/lv_color.h:608:26:lv_color_hex	24	static
../Core/Inc/../../lvgl/src/core/lv_obj_style.h:231:20:lv_obj_set_style_size	24	static
../Core/Src/ui.c:131:6:ui_event_Screen1_Button3	24	static
../Core/Src/ui.c:139:6:ui_event_Screen1_Button1	24	static
../Core/Src/ui.c:148:6:ui_event_Screen1_Button2	24	static
../Core/Src/ui.c:156:6:ui_event_Screen1_Button4	24	static
../Core/Src/ui.c:167:6:ui_event_Screen2_Button1	24	static
../Core/Src/ui.c:175:6:ui_event_Screen2_Button2	24	static
../Core/Src/ui.c:183:6:ui_event_Button1	24	static
../Core/Src/ui.c:191:6:ui_event_Dropdown4	24	static
../Core/Src/ui.c:199:6:ui_event_Screen2_Button3	24	static
../Core/Src/ui.c:207:6:ui_event_Button2	24	static
../Core/Src/ui.c:215:6:ui_event_Dropdown2	24	static
../Core/Src/ui.c:223:6:ui_event_Dropdown1	24	static
../Core/Src/ui.c:232:6:ui_event_Screen2_Button4	24	static
../Core/Src/ui.c:240:13:ta_event_cb	24	static
../Core/Src/ui.c:253:13:ta_event_cb_2	24	static
../Core/Src/ui.c:266:6:ui_event_Screen6_Button1	24	static
../Core/Src/ui.c:276:6:ui_Screen1_screen_init	16	static
../Core/Src/ui.c:627:6:ui_Screen2_screen_init	16	static
../Core/Src/ui.c:667:6:ui_Screen3_screen_init	16	static
../Core/Src/ui.c:780:6:ui_Screen4_screen_init	16	static
../Core/Src/ui.c:900:6:ui_Screen5_screen_init	32	static
../Core/Src/ui.c:1074:6:ui_Screen6_screen_init	16	static
../Core/Src/ui.c:1137:6:ui_Screen7_screen_init	8	static
../Core/Src/ui.c:1159:6:ui_init	32	static
